14:24:18 **** Incremental Build of configuration Debug for project intro ****
make -j4 all 
arm-none-eabi-gcc "../Core/Src/main.c" -mcpu=cortex-m4 -std=gnu11 -g3 -DDEBUG -DUSE_HAL_DRIVER -DSTM32F429xx -c -I../Core/Inc -I../Drivers/STM32F4xx_HAL_Driver/Inc -I../Drivers/STM32F4xx_HAL_Driver/Inc/Legacy -I../Drivers/CMSIS/Device/ST/STM32F4xx/Include -I../Drivers/CMSIS/Include -O0 -ffunction-sections -fdata-sections -Wall -fstack-usage -MMD -MP -MF"Core/Src/main.d" -MT"Core/Src/main.o" --specs=nano.specs -mfpu=fpv4-sp-d16 -mfloat-abi=hard -mthumb -o "Core/Src/main.o"
../Core/Src/main.c: In function 'main':
../Core/Src/main.c:26:2: warning: this 'for' clause does not guard... [-Wmisleading-indentation]
   26 |  for(;;);
      |  ^~~
../Core/Src/main.c:27:2: note: ...this statement, but the latter is misleadingly indented as if it were guarded by the 'for'
   27 |  {
      |  ^
../Core/Src/main.c:22:6: warning: unused variable 'i' [-Wunused-variable]
   22 |  int i=0;
      |      ^
arm-none-eabi-gcc -o "intro.elf" @"objects.list"   -mcpu=cortex-m4 -T"F:\stm32\stm_aravind\STM32F429ZITX_FLASH.ld" --specs=nosys.specs -Wl,-Map="intro.map" -Wl,--gc-sections -static --specs=nano.specs -mfpu=fpv4-sp-d16 -mfloat-abi=hard -mthumb -Wl,--start-group -lc -lm -Wl,--end-group
Finished building target: intro.elf
 
arm-none-eabi-size   intro.elf 
arm-none-eabi-objdump -h -S  intro.elf  > "intro.list"
arm-none-eabi-objcopy  -O binary  intro.elf  "intro.bin"
   text	   data	    bss	    dec	    hex	filename
   5676	     20	   1572	   7268	   1c64	intro.elf
Finished building: default.size.stdout
 
Finished building: intro.bin
Finished building: intro.list
 
 
14:24:30 **** Incremental Build of configuration Debug for project intro ****
make -j4 all 
arm-none-eabi-size   intro.elf 
   text	   data	    bss	    dec	    hex	filename
   5676	     20	   1572	   7268	   1c64	intro.elf
Finished building: default.size.stdout
 
14:25:56 **** Incremental Build of configuration Debug for project intro ****
make -j4 all 
arm-none-eabi-gcc "../Core/Src/main.c" -mcpu=cortex-m4 -std=gnu11 -g3 -DDEBUG -DUSE_HAL_DRIVER -DSTM32F429xx -c -I../Core/Inc -I../Drivers/STM32F4xx_HAL_Driver/Inc -I../Drivers/STM32F4xx_HAL_Driver/Inc/Legacy -I../Drivers/CMSIS/Device/ST/STM32F4xx/Include -I../Drivers/CMSIS/Include -O0 -ffunction-sections -fdata-sections -Wall -fstack-usage -MMD -MP -MF"Core/Src/main.d" -MT"Core/Src/main.o" --specs=nano.specs -mfpu=fpv4-sp-d16 -mfloat-abi=hard -mthumb -o "Core/Src/main.o"
../Core/Src/main.c: In function 'main':
../Core/Src/main.c:26:2: warning: this 'for' clause does not guard... [-Wmisleading-indentation]
   26 |  for(;;);
      |  ^~~
../Core/Src/main.c:27:2: note: ...this statement, but the latter is misleadingly indented as if it were guarded by the 'for'
   27 |  {
      |  ^
../Core/Src/main.c:22:6: warning: unused variable 'i' [-Wunused-variable]
   22 |  int i=0;
      |      ^
arm-none-eabi-gcc -o "intro.elf" @"objects.list"   -mcpu=cortex-m4 -T"F:\stm32\stm_aravind\STM32F429ZITX_FLASH.ld" --specs=nosys.specs -Wl,-Map="intro.map" -Wl,--gc-sections -static --specs=nano.specs -mfpu=fpv4-sp-d16 -mfloat-abi=hard -mthumb -Wl,--start-group -lc -lm -Wl,--end-group
Finished building target: intro.elf
 
arm-none-eabi-size   intro.elf 
arm-none-eabi-objdump -h -S  intro.elf  > "intro.list"
arm-none-eabi-objcopy  -O binary  intro.elf  "intro.bin"
   text	   data	    bss	    dec	    hex	filename
   5672	     20	   1572	   7264	   1c60	intro.elf
Finished building: default.size.stdout
 
Finished building: intro.bin
Finished building: intro.list
 
 
14:26:58 **** Incremental Build of configuration Debug for project intro ****
make -j4 all 
arm-none-eabi-gcc "../Core/Src/main.c" -mcpu=cortex-m4 -std=gnu11 -g3 -DDEBUG -DUSE_HAL_DRIVER -DSTM32F429xx -c -I../Core/Inc -I../Drivers/STM32F4xx_HAL_Driver/Inc -I../Drivers/STM32F4xx_HAL_Driver/Inc/Legacy -I../Drivers/CMSIS/Device/ST/STM32F4xx/Include -I../Drivers/CMSIS/Include -O0 -ffunction-sections -fdata-sections -Wall -fstack-usage -MMD -MP -MF"Core/Src/main.d" -MT"Core/Src/main.o" --specs=nano.specs -mfpu=fpv4-sp-d16 -mfloat-abi=hard -mthumb -o "Core/Src/main.o"
../Core/Src/main.c: In function 'main':
../Core/Src/main.c:26:2: warning: this 'for' clause does not guard... [-Wmisleading-indentation]
   26 |  for(;;);
      |  ^~~
../Core/Src/main.c:27:2: note: ...this statement, but the latter is misleadingly indented as if it were guarded by the 'for'
   27 |  {
      |  ^
../Core/Src/main.c:22:6: warning: unused variable 'i' [-Wunused-variable]
   22 |  int i=0;
      |      ^
arm-none-eabi-gcc -o "intro.elf" @"objects.list"   -mcpu=cortex-m4 -T"F:\stm32\stm_aravind\STM32F429ZITX_FLASH.ld" --specs=nosys.specs -Wl,-Map="intro.map" -Wl,--gc-sections -static --specs=nano.specs -mfpu=fpv4-sp-d16 -mfloat-abi=hard -mthumb -Wl,--start-group -lc -lm -Wl,--end-group
Finished building target: intro.elf
 
arm-none-eabi-size   intro.elf 
arm-none-eabi-objdump -h -S  intro.elf  > "intro.list"
arm-none-eabi-objcopy  -O binary  intro.elf  "intro.bin"
   text	   data	    bss	    dec	    hex	filename
   5676	     20	   1572	   7268	   1c64	intro.elf
Finished building: default.size.stdout
 
Finished building: intro.bin
Finished building: intro.list
 
 
14:27:40 **** Incremental Build of configuration Debug for project intro ****
make -j4 all 
arm-none-eabi-gcc "../Core/Src/main.c" -mcpu=cortex-m4 -std=gnu11 -g3 -DDEBUG -DUSE_HAL_DRIVER -DSTM32F429xx -c -I../Core/Inc -I../Drivers/STM32F4xx_HAL_Driver/Inc -I../Drivers/STM32F4xx_HAL_Driver/Inc/Legacy -I../Drivers/CMSIS/Device/ST/STM32F4xx/Include -I../Drivers/CMSIS/Include -O0 -ffunction-sections -fdata-sections -Wall -fstack-usage -MMD -MP -MF"Core/Src/main.d" -MT"Core/Src/main.o" --specs=nano.specs -mfpu=fpv4-sp-d16 -mfloat-abi=hard -mthumb -o "Core/Src/main.o"
../Core/Src/main.c: In function 'main':
../Core/Src/main.c:26:2: warning: this 'for' clause does not guard... [-Wmisleading-indentation]
   26 |  for(;;);
      |  ^~~
../Core/Src/main.c:27:2: note: ...this statement, but the latter is misleadingly indented as if it were guarded by the 'for'
   27 |  {
      |  ^
../Core/Src/main.c:22:6: warning: unused variable 'i' [-Wunused-variable]
   22 |  int i=0;
      |      ^
arm-none-eabi-gcc -o "intro.elf" @"objects.list"   -mcpu=cortex-m4 -T"F:\stm32\stm_aravind\STM32F429ZITX_FLASH.ld" --specs=nosys.specs -Wl,-Map="intro.map" -Wl,--gc-sections -static --specs=nano.specs -mfpu=fpv4-sp-d16 -mfloat-abi=hard -mthumb -Wl,--start-group -lc -lm -Wl,--end-group
Finished building target: intro.elf
 
arm-none-eabi-size   intro.elf 
arm-none-eabi-objdump -h -S  intro.elf  > "intro.list"
arm-none-eabi-objcopy  -O binary  intro.elf  "intro.bin"
   text	   data	    bss	    dec	    hex	filename
   5676	     20	   1572	   7268	   1c64	intro.elf
Finished building: default.size.stdout
 
Finished building: intro.bin
 
Finished building: intro.list
 
14:28:23 **** Incremental Build of configuration Debug for project intro ****
make -j4 all 
arm-none-eabi-gcc "../Core/Src/main.c" -mcpu=cortex-m4 -std=gnu11 -g3 -DDEBUG -DUSE_HAL_DRIVER -DSTM32F429xx -c -I../Core/Inc -I../Drivers/STM32F4xx_HAL_Driver/Inc -I../Drivers/STM32F4xx_HAL_Driver/Inc/Legacy -I../Drivers/CMSIS/Device/ST/STM32F4xx/Include -I../Drivers/CMSIS/Include -O0 -ffunction-sections -fdata-sections -Wall -fstack-usage -MMD -MP -MF"Core/Src/main.d" -MT"Core/Src/main.o" --specs=nano.specs -mfpu=fpv4-sp-d16 -mfloat-abi=hard -mthumb -o "Core/Src/main.o"
../Core/Src/main.c: In function 'main':
../Core/Src/main.c:26:2: warning: this 'for' clause does not guard... [-Wmisleading-indentation]
   26 |  for(;;);
      |  ^~~
../Core/Src/main.c:27:2: note: ...this statement, but the latter is misleadingly indented as if it were guarded by the 'for'
   27 |  {
      |  ^
../Core/Src/main.c:22:6: warning: unused variable 'i' [-Wunused-variable]
   22 |  int i=0;
      |      ^
arm-none-eabi-gcc -o "intro.elf" @"objects.list"   -mcpu=cortex-m4 -T"F:\stm32\stm_aravind\STM32F429ZITX_FLASH.ld" --specs=nosys.specs -Wl,-Map="intro.map" -Wl,--gc-sections -static --specs=nano.specs -mfpu=fpv4-sp-d16 -mfloat-abi=hard -mthumb -Wl,--start-group -lc -lm -Wl,--end-group
Finished building target: intro.elf
 
arm-none-eabi-size   intro.elf 
arm-none-eabi-objdump -h -S  intro.elf  > "intro.list"
   text	   data	    bss	    dec	    hex	filename
   5676	     20	   1572	   7268	   1c64	intro.elf
arm-none-eabi-objcopy  -O binary  intro.elf  "intro.bin"
Finished building: default.size.stdout
 
Finished building: intro.list
Finished building: intro.bin
 
 
14:28:52 **** Incremental Build of configuration Debug for project intro ****
make -j4 all 
arm-none-eabi-gcc "../Core/Src/main.c" -mcpu=cortex-m4 -std=gnu11 -g3 -DDEBUG -DUSE_HAL_DRIVER -DSTM32F429xx -c -I../Core/Inc -I../Drivers/STM32F4xx_HAL_Driver/Inc -I../Drivers/STM32F4xx_HAL_Driver/Inc/Legacy -I../Drivers/CMSIS/Device/ST/STM32F4xx/Include -I../Drivers/CMSIS/Include -O0 -ffunction-sections -fdata-sections -Wall -fstack-usage -MMD -MP -MF"Core/Src/main.d" -MT"Core/Src/main.o" --specs=nano.specs -mfpu=fpv4-sp-d16 -mfloat-abi=hard -mthumb -o "Core/Src/main.o"
../Core/Src/main.c: In function 'main':
../Core/Src/main.c:26:2: warning: this 'for' clause does not guard... [-Wmisleading-indentation]
   26 |  for(;;);
      |  ^~~
../Core/Src/main.c:27:2: note: ...this statement, but the latter is misleadingly indented as if it were guarded by the 'for'
   27 |  {
      |  ^
../Core/Src/main.c:22:6: warning: unused variable 'i' [-Wunused-variable]
   22 |  int i=0;
      |      ^
arm-none-eabi-gcc -o "intro.elf" @"objects.list"   -mcpu=cortex-m4 -T"F:\stm32\stm_aravind\STM32F429ZITX_FLASH.ld" --specs=nosys.specs -Wl,-Map="intro.map" -Wl,--gc-sections -static --specs=nano.specs -mfpu=fpv4-sp-d16 -mfloat-abi=hard -mthumb -Wl,--start-group -lc -lm -Wl,--end-group
Finished building target: intro.elf
 
arm-none-eabi-size   intro.elf 
arm-none-eabi-objdump -h -S  intro.elf  > "intro.list"
arm-none-eabi-objcopy  -O binary  intro.elf  "intro.bin"
   text	   data	    bss	    dec	    hex	filename
   5676	     20	   1572	   7268	   1c64	intro.elf
Finished building: default.size.stdout
 
Finished building: intro.bin
Finished building: intro.list
 
 
14:29:40 **** Incremental Build of configuration Debug for project intro ****
make -j4 all 
arm-none-eabi-gcc "../Core/Src/main.c" -mcpu=cortex-m4 -std=gnu11 -g3 -DDEBUG -DUSE_HAL_DRIVER -DSTM32F429xx -c -I../Core/Inc -I../Drivers/STM32F4xx_HAL_Driver/Inc -I../Drivers/STM32F4xx_HAL_Driver/Inc/Legacy -I../Drivers/CMSIS/Device/ST/STM32F4xx/Include -I../Drivers/CMSIS/Include -O0 -ffunction-sections -fdata-sections -Wall -fstack-usage -MMD -MP -MF"Core/Src/main.d" -MT"Core/Src/main.o" --specs=nano.specs -mfpu=fpv4-sp-d16 -mfloat-abi=hard -mthumb -o "Core/Src/main.o"
../Core/Src/main.c: In function 'main':
../Core/Src/main.c:26:2: warning: this 'for' clause does not guard... [-Wmisleading-indentation]
   26 |  for(;;);
      |  ^~~
../Core/Src/main.c:27:2: note: ...this statement, but the latter is misleadingly indented as if it were guarded by the 'for'
   27 |  {
      |  ^
../Core/Src/main.c:22:6: warning: unused variable 'i' [-Wunused-variable]
   22 |  int i=0;
      |      ^
arm-none-eabi-gcc -o "intro.elf" @"objects.list"   -mcpu=cortex-m4 -T"F:\stm32\stm_aravind\STM32F429ZITX_FLASH.ld" --specs=nosys.specs -Wl,-Map="intro.map" -Wl,--gc-sections -static --specs=nano.specs -mfpu=fpv4-sp-d16 -mfloat-abi=hard -mthumb -Wl,--start-group -lc -lm -Wl,--end-group
Finished building target: intro.elf
 
arm-none-eabi-size   intro.elf 
arm-none-eabi-objdump -h -S  intro.elf  > "intro.list"
arm-none-eabi-objcopy  -O binary  intro.elf  "intro.bin"
   text	   data	    bss	    dec	    hex	filename
   5676	     20	   1572	   7268	   1c64	intro.elf
Finished building: default.size.stdout
 
Finished building: intro.bin
 
Finished building: intro.list
 
